# load thingies
load "road_2x1_straight.thy" to thingies["straight 2x1 road"]
load "road_2x1_cross_01.thy" to thingies["cross 2x1 road"]

load "bus_terminal_01.thy" to thingies["bus terminal"]
load "grass_50x50.thy" to thingies["grass 50m"]
load "detached_house_02a.thy" to thingies["detached house 2a"]
load "city_tree_01.thy" to thingies["tree 1"]

load "trabant.thy" to thingies["trabant"]

# road
place thingies["straight 2x1 road"] to (0; 0; 0)
place thingies["straight 2x1 road"] to (0; 0; -25)
place thingies["straight 2x1 road"] to (0; 0; -50)
place thingies["straight 2x1 road"] to (0; 0; -75)
place thingies["straight 2x1 road"] to (0; 0; -100)
place thingies["cross 2x1 road"] to (0; 0; -125)
place thingies["straight 2x1 road"] to (50; 0; -150) as (0; 0.7071; 0; 0.7071)
place thingies["straight 2x1 road"] to (75; 0; -150) as (0; 0.7071; 0; 0.7071)

place thingies["grass 50m"] to (30; 0.2; 12)
place thingies["grass 50m"] to (30; 0.2; -38)
place thingies["grass 50m"] to (30; 0.2; -88)
place thingies["tree 1"] to (15; 0.2; 12)

place thingies["detached house 2a"] to (30; 0.2; 0)

# bus terminal
place thingies["bus terminal"] to (0; 0; 25)

place thingies["trabant"] to (-1.5; 0; -25)